﻿node.exe : [33mThe CJS build of Vite's Node API is deprecated. See 
https://vite.dev/guide/troubleshooting.html#vite-cjs-node-api-deprecated for more details.[39m
At C:\Program Files\nodejs\npx.ps1:29 char:3
+   & $NODE_EXE $NPX_CLI_JS $args
+   ~~~~~~~~~~~~~~~~~~~~~~~~~~~~~
    + CategoryInfo          : NotSpecified: ([33mThe CJS bu...e details.[39m:String) [], RemoteException
    + FullyQualifiedErrorId : NativeCommandError
 

 RUN  v2.1.2 C:/Users/eddie/Downloads/WILMS

 Ô£ô src/tests/super-admin-dashboard/dashboard-summary.utils.test.ts  (6 tests) 220ms
stderr | src/tests/features/export/wilms-export.test.ts > printWilmsDocument > returns a result object and never throws
Error: Not implemented: window.focus
    at module.exports (C:\Users\eddie\Downloads\WILMS\node_modules\jsdom\lib\jsdom\browser\not-implemented.js:9:17)
    at C:\Users\eddie\Downloads\WILMS\node_modules\jsdom\lib\jsdom\browser\Window.js:960:7
    at invokePrint (C:\Users\eddie\Downloads\WILMS\src\features\export\engines\print-engine.ts:364:17)
    at Timeout.runPrint [as _onTimeout] 
(C:\Users\eddie\Downloads\WILMS\src\features\export\engines\print-engine.ts:387:35)
    at listOnTimeout (node:internal/timers:594:17)
    at processTimers (node:internal/timers:529:7) undefined
Error: Not implemented: window.print
    at module.exports (C:\Users\eddie\Downloads\WILMS\node_modules\jsdom\lib\jsdom\browser\not-implemented.js:9:17)
    at C:\Users\eddie\Downloads\WILMS\node_modules\jsdom\lib\jsdom\browser\Window.js:960:7
    at invokePrint (C:\Users\eddie\Downloads\WILMS\src\features\export\engines\print-engine.ts:365:17)
    at Timeout.runPrint [as _onTimeout] 
(C:\Users\eddie\Downloads\WILMS\src\features\export\engines\print-engine.ts:387:35)
    at listOnTimeout (node:internal/timers:594:17)
    at processTimers (node:internal/timers:529:7) undefined

 Ô£ô src/tests/features/export/wilms-export.test.ts  (8 tests) 2029ms
 Ô£ô src/tests/approval-workflow/PendingApplicationReview.test.tsx  (4 tests) 4831ms
 Ô£ô src/tests/services/borrowerService.mock.test.ts  (13 tests) 5589ms
 Ô£ô src/tests/layouts/shells.test.tsx  (5 tests) 1488ms
 Ô£ô src/tests/payment-collection/PaymentEntryPanel.test.tsx  (3 tests) 2580ms
 Ô£ô src/tests/loan-management/CreateLoanWizard.test.tsx  (2 tests) 2800ms
 Ô£ô src/tests/payment-collection/PaymentEditSection.test.tsx  (2 tests) 1278ms
 Ô£ô src/tests/adjustments/adjustmentService.mock.test.ts  (4 tests) 3820ms
 Ô£ô src/tests/services/nf-02-notifications.test.ts  (4 tests) 2006ms
 Ô£ô src/tests/components/PhotoUpload.test.tsx  (5 tests) 484ms
 Ô£ô src/tests/admin-fee/AdminFeeRecordingPanel.test.tsx  (2 tests) 1922ms
 Ô£ô src/tests/reports/daily-collection-report.utils.test.ts  (3 tests) 11ms
 Ô£ô src/tests/services/reconciliationService.mock.test.ts  (4 tests) 5333ms
 Ô£ô src/tests/auth/LoginForm.test.tsx  (3 tests) 1608ms
 Ô£ô src/tests/payment-collection/useRecordPaymentOrQueue.test.ts  (2 tests) 711ms
 Ô£ô src/tests/services/mock/dashboard-demo.factory.test.ts  (5 tests) 304ms
 Ô£ô src/tests/services/overpaymentReviewService.mock.test.ts  (4 tests) 4677ms
 Ô£ô src/tests/borrower-registration/registration-conflicts.test.ts  (2 tests) 19ms
 Ô£ô src/tests/services/mock/collectors-demo.factory.test.ts  (7 tests) 344ms
 Ô£ô src/tests/borrower-management/BorrowerProfilePanel.test.tsx  (1 test) 1863ms
 Ô£ô src/tests/services/mock/groups-demo.factory.test.ts  (7 tests) 385ms
 Ô£ô src/tests/payment-collection/payment-entry.utils.test.ts  (5 tests) 30ms
 Ô£ô src/tests/components/Toast.test.tsx  (5 tests) 486ms
 Ô£ô src/tests/loan-management/BorrowerLoanDetailPanel.test.tsx  (1 test) 1460ms
 Ô£ô src/tests/borrower-registration/MyRegistrationsList.test.tsx  (3 tests) 4022ms
 Ô£ô src/tests/services/paymentService.mock.test.ts  (3 tests) 2533ms
 Ô£ô src/tests/utils/group-profile.test.ts  (1 test) 19ms
 Ô£ô src/tests/services/paymentService.entry.test.ts  (3 tests) 1584ms
 Ô£ô src/tests/services/borrower-escalation.sync.test.ts  (2 tests) 2169ms
 Ô£ô src/tests/auth/middleware.test.ts  (5 tests) 54ms
 Ô£ô src/tests/loan-management/loan-progress.utils.test.ts  (2 tests) 13ms
 Ô£ô src/tests/services/transactionService.mock.test.ts  (4 tests) 1887ms
 Ô£ô src/tests/payment-collection/CollectorDashboardPanel.test.tsx  (1 test) 1788ms
 Ô£ô src/tests/approval-workflow/PendingApplicationsQueue.test.tsx  (3 tests) 3471ms
 Ô£ô src/tests/components/DataTable.test.tsx  (3 tests) 518ms
 Ô£ô src/tests/offline-queue/sync.test.ts  (3 tests) 16ms
 Ô£ô src/tests/services/apiClient.test.ts  (4 tests) 340ms
 Ô£ô src/tests/utils/defaulter-escalation.test.ts  (6 tests) 17ms
 Ô£ô src/tests/payment-collection/paymentService.edit.test.ts  (2 tests) 20ms
 Ô£ô src/tests/super-admin-dashboard/SuperAdminDashboard.test.tsx  (1 test) 1816ms
 Ô£ô src/tests/offline-queue/offlineQueueStore.test.ts  (4 tests) 62ms
 Ô£ô src/tests/borrower-registration/registration.schema.test.ts  (4 tests) 33ms
 Ô£ô src/tests/super-admin-management/GroupProfilePanel.test.tsx  (1 test) 986ms
 Ô£ô src/tests/services/loanService.create.test.ts  (3 tests) 1261ms
 Ô£ô src/tests/payment-collection/collector-dashboard.utils.test.ts  (3 tests) 17ms
 Ô£ô src/tests/services/notificationService.mock.test.ts  (3 tests) 2194ms
 Ô£ô src/tests/loan-management/LoanPortfolioList.test.tsx  (2 tests) 1249ms
 Ô£ô src/tests/app-lock/AppLockSetupPanel.test.tsx  (2 tests) 1305ms
 Ô£ô src/tests/reports/DailyCollectionReportPanel.test.tsx  (1 test) 936ms
 Ô£ô src/tests/super-admin-dashboard/dashboardService.mock.test.ts  (1 test) 479ms
 Ô£ô src/tests/services/auditService.mock.test.ts  (2 tests) 921ms
 Ô£ô src/tests/state/uiStore.test.ts  (4 tests) 10ms
 Ô£ô src/tests/loan-management/portfolio.utils.test.ts  (2 tests) 10ms
 Ô£ô src/tests/auth/authStore.test.ts  (4 tests) 11ms
 Ô£ô src/tests/state/appLockStore.test.ts  (3 tests) 14ms
 Ô£ô src/tests/borrower-management/BorrowerList.test.tsx  (2 tests) 1155ms
 Ô£ô src/tests/reports/loan-portfolio-report.utils.test.ts  (1 test) 11ms
 Ô£ô src/tests/reports/LoanPortfolioReportPanel.test.tsx  (1 test) 1050ms
 Ô£ô src/tests/services/collectorService.mock.test.ts  (2 tests) 2530ms
 Ô£ô src/tests/services/loanService.progress.test.ts  (3 tests) 974ms
 Ô£ô src/tests/auth/session.test.ts  (4 tests) 12ms
 Ô£ô src/tests/lib/paymentSyncHandler.test.ts  (1 test) 10ms
 Ô£ô src/tests/utils/group-risk.test.ts  (4 tests) 11ms
 Ô£ô src/tests/components/MultiStepForm.test.tsx  (2 tests) 298ms
 Ô£ô src/tests/services/loanService.mock.test.ts  (2 tests) 1906ms
 Ô£ô src/tests/offline/OfflineInitOverlay.test.tsx  (2 tests) 85ms
 Ô£ô src/tests/utils/reconciliation-summary.test.ts  (4 tests) 10ms
 Ô£ô src/tests/reports/AuditLogReportPanel.test.tsx  (1 test) 682ms
 Ô£ô src/tests/reports/ReportsIndexPanel.test.tsx  (1 test) 848ms
 Ô£ô src/tests/providers/AppBootstrap.test.tsx  (2 tests) 82ms
 Ô£ô src/tests/utils/schedule-missed-marking.test.ts  (2 tests) 10ms
 Ô£ô src/tests/auth/AppLockHandler.test.tsx  (2 tests) 320ms
 Ô£ô src/tests/components/Drawer.test.tsx  (3 tests) 335ms
 Ô£ô src/tests/auth/LogoutButton.test.tsx  (1 test) 294ms
 Ô£ô src/tests/services/searchService.mock.test.ts  (3 tests) 955ms
 Ô£ô src/tests/utils/mutation-feedback.test.ts  (2 tests) 11ms
 Ô£ô src/tests/lib/background-sync.test.ts  (3 tests) 9ms
 Ô£ô src/tests/design-tokens.test.ts  (3 tests) 12ms
 Ô£ô src/tests/components/Tabs.test.tsx  (2 tests) 297ms
 Ô£ô src/tests/reports/reportService.mock.test.ts  (2 tests) 1262ms
 Ô£ô src/tests/approval-workflow/ReviewedApplicationsPanel.test.tsx  (1 test) 196ms
 Ô£ô src/tests/components/Modal.test.tsx  (3 tests) 326ms
 Ô£ô src/tests/utils/shell-breadcrumbs.test.ts  (5 tests) 10ms
 Ô£ô src/tests/overpayment-review/OverpaymentReviewPanel.test.tsx  (1 test) 594ms
 Ô£ô src/tests/offline-queue/OfflineBanner.test.tsx  (3 tests) 121ms

<--- Last few GCs --->

[8476:00000215EA8C6000]  1243129 ms: Mark-Compact (reduce) 2047.2 (2081.6) -> 2045.2 (2078.1) MB, pooled: 0 MB, 
1077.48 / 0.00 ms  (+ 154.7 ms in 0 steps since start of marking, biggest step 0.0 ms, walltime since start of marking 
1262 ms) (average mu = 0

<--- JS stacktrace --->

FATAL ERROR: Ineffective mark-compacts near heap limit Allocation failed - JavaScript heap out of memory
----- Native stack trace -----

 1: 00007FF62B4820AD node::SetCppgcReference+17245
 2: 00007FF62B3EA4D8 v8::base::CPU::num_virtual_address_bits+92376
 3: 00007FF62BF6A1B1 v8::Isolate::ReportExternalAllocationLimitReached+65
 4: 00007FF62BF57096 v8::Function::Experimental_IsNopFunction+2790
 5: 00007FF62BDA6920 v8::internal::StrongRootAllocatorBase::StrongRootAllocatorBase+31392
 6: 00007FF62BDA0644 v8::internal::StrongRootAllocatorBase::StrongRootAllocatorBase+6084
 7: 00007FF62BD9BCF5 v8::CpuProfileNode::GetScriptResourceNameStr+188069
 8: 00007FF62B7213BD BIO_ssl_shutdown+189
 Ô£ô src/tests/components/PasswordField.test.tsx  (2 tests) 214ms
 Ô£ô src/tests/adjustments/AdjustmentsPanel.test.tsx  (1 test) 548ms
 Ô£ô src/tests/observability/logger.test.ts  (3 tests) 5ms
 Ô£ô src/tests/observability/errorTracking.test.ts  (1 test) 6ms
 Ô£ô src/tests/services/loanService.portfolio.test.ts  (1 test) 357ms
 Ô£ô src/tests/components/feedback.test.tsx  (3 tests) 105ms
 Ô£ô src/tests/loan-management/loan-schedule.test.ts  (2 tests) 5ms
 Ô£ô src/tests/state/loginPreferencesStore.test.ts  (2 tests) 3ms
 Ô£ô src/tests/components/LoanScheduleTable.test.tsx  (1 test) 74ms
 Ô£ô src/tests/super-admin-management/LoanPoolsPanel.test.tsx  (1 test) 598ms
 Ô£ô src/tests/utils/photo-validation.test.ts  (4 tests) 7ms
 Ô£ô src/tests/auth/routes.test.ts  (3 tests) 4ms
 Ô£ô src/tests/components/DemoModeBanner.test.tsx  (3 tests) 77ms
 Ô£ô src/tests/app-lock/PinEntryPad.test.tsx  (2 tests) 526ms
 Ô£ô src/tests/utils/group-detail.test.ts  (1 test) 24ms
 Ô£ô src/tests/observability/analytics.test.ts  (1 test) 6ms
 Ô£ô src/tests/borrower-management/borrower-list.utils.test.ts  (1 test) 3ms
 Ô£ô src/tests/auth/login.schema.test.ts  (3 tests) 5ms
 Ô£ô src/tests/components/StatusBadge.test.tsx  (4 tests) 43ms
 Ô£ô src/tests/components/Button.test.tsx  (3 tests) 120ms
 Ô£ô src/tests/services/services-index.test.ts  (2 tests) 4ms
 Ô£ô src/tests/loan-management/loan.schema.test.ts  (2 tests) 5ms
 Ô£ô src/tests/theme/themeStore.test.ts  (3 tests) 3ms
 Ô£ô src/tests/auth/authenticate.test.ts  (2 tests) 5ms
 Ô£ô src/tests/state/shellLayoutStore.test.ts  (2 tests) 3ms
 Ô£ô src/tests/utils/format-alert-timestamp.test.ts  (2 tests) 26ms
 Ô£ô src/tests/layouts/ShellNavLink.test.tsx  (2 tests) 102ms
 Ô£ô src/tests/utils/payment-same-day.test.ts  (2 tests) 3ms
 Ô£ô src/tests/auth/redirect.test.ts  (3 tests) 3ms
 Ô£ô src/tests/utils/export-csv.test.ts  (2 tests) 3ms
 Ô£ô src/tests/utils/collector-rate-display.test.ts  (3 tests) 3ms
 Ô£ô src/tests/utils/shell-page-title.test.ts  (4 tests) 3ms
 Ô£ô src/tests/utils/levenshtein.test.ts  (4 tests) 3ms
 Ô£ô src/tests/auth/SessionExpiredPage.test.tsx  (1 test) 94ms
 Ô£ô src/tests/auth/session-expiry.test.ts  (3 tests) 4ms
 Ô£ô src/tests/components/Input.test.tsx  (2 tests) 92ms
 Ô£ô src/tests/lib/pin-hash.test.ts  (2 tests) 5ms
 Ô£ô src/tests/app-lock/app-lock.schema.test.ts  (2 tests) 9ms
 Ô£ô src/tests/components/Pagination.test.tsx  (1 test) 149ms
 Ô£ô src/tests/components/WilmsSplashScreen.test.tsx  (1 test) 37ms
 Ô£ô src/tests/loan-management/loan.utils.test.ts  (2 tests) 3ms
 Ô£ô src/tests/components/Badge.test.tsx  (2 tests) 34ms
 Ô£ô src/tests/utils/reconciliation.schema.test.ts  (2 tests) 4ms
 Ô£ô src/tests/approval-workflow/approval.schema.test.ts  (2 tests) 5ms
 Ô£ô src/tests/auth/unauthorized-handler.test.ts  (1 test) 3ms
 Ô£ô src/tests/components/Tooltip.test.tsx  (1 test) 207ms
 Ô£ô src/tests/components/CurrencyAmount.test.tsx  (1 test) 119ms
 Ô£ô src/tests/components/Switch.test.tsx  (1 test) 39ms
 Ô£ô src/tests/components/Radio.test.tsx  (1 test) 39ms

ÔÄ»ÔÄ»ÔÄ»ÔÄ»ÔÄ»ÔÄ» Unhandled Errors ÔÄ»ÔÄ»ÔÄ»ÔÄ»ÔÄ»ÔÄ»

Vitest caught 1 unhandled error during the test run.
This might cause false positive tests. Resolve unhandled errors to make sure your tests are not affected.

ÔÄ»ÔÄ»ÔÄ»ÔÄ»ÔÄ»ÔÄ» Unhandled Error ÔÄ»ÔÄ»ÔÄ»ÔÄ»ÔÄ»ÔÄ»ÔÄ»
Error: Worker exited unexpectedly
 ÔØ» ChildProcess.onUnexpectedExit node_modules/tinypool/dist/index.js:118:30
 ÔØ» ChildProcess.emit node:events:530:35
 ÔØ» ChildProcess._handle.onexit node:internal/child_process:293:12

ÔÄ»ÔÄ»ÔÄ»ÔÄ»ÔÄ»ÔÄ»ÔÄ»ÔÄ»ÔÄ»ÔÄ»ÔÄ»ÔÄ»ÔÄ»ÔÄ»ÔÄ»ÔÄ»ÔÄ»ÔÄ»ÔÄ»ÔÄ»ÔÄ»ÔÄ»ÔÄ»ÔÄ»ÔÄ»ÔÄ»ÔÄ»ÔÄ»ÔÄ»ÔÄ»

 Test Files  135 passed (136)
      Tests  360 passed (361)
     Errors  1 error
   Start at  16:54:49
   Duration  1906.58s (transform 12.24s, setup 110.86s, collect 67.15s, tests 94.19s, environment 307.55s, prepare 37.80s)

